---
source: src/table.rs
expression: "render(vec![vec![\"Feature\", \"Status\", \"Description\", \"Link\"],\nvec![\"**Authentication**\", \"✅ `completed`\",\n\"Implements *JWT-based* authentication with ~~basic~~ **OAuth2** support\",\n\"[Docs](https://example.com)\"],\nvec![\"**Database Layer**\", \"🚧 `in-progress`\",\n\"Uses `PostgreSQL` with **Diesel ORM** for *type-safe* queries\",\n\"[GitHub](https://github.com)\"],\nvec![\"**API Gateway**\", \"⏳ `planned`\",\n\"RESTful API with `async/await` and ~~synchronous~~ **asynchronous** handlers\",\n\"[Spec](https://api.example.com)\"],\nvec![\"**Testing**\", \"✅ `completed`\",\n\"Includes *unit tests*, **integration tests**, and `snapshot testing`\",\n\"[Coverage](https://coverage.io)\"],\nvec![\"**Deployment**\", \"🚧 `in-progress`\",\n\"Docker containerization with `K8s` orchestration and **CI/CD** pipeline\",\n\"[Deploy](https://deploy.com)\"],])"
---
  ┌────────┬────────┬──────────────────────────────────┬────────────────────┐
  │ Featur │ Status │ Description                      │ Link               │
  │ e      │        │                                  │                    │
  ├────────┼────────┼──────────────────────────────────┼────────────────────┤
  │ Aut    │ ✅     │ Implements JWT-based             │                  │
  │        │ co     │ authentication with basic        │                    │
  │ hentic │        │ OAuth2 support                   │  e.comDocs         │
  │ ation  │ mplete │                                  │                    │
  │        │ d      │                                  │  m (http           │
  │        │        │                                  │  s://example.com)  │
  ├────────┼────────┼──────────────────────────────────┼────────────────────┤
  │ Dat    │ 🚧     │ Uses PostgreSQL with Diesel ORM  │                    │
  │ abase  │ in     │ for type-safe queries            │  .comGitHub        │
  │ Layer  │        │                                  │                    │
  │        │ -progr │                                  │  0m (htt           │
  │        │ ess    │                                  │  ps://github.com)  │
  ├────────┼────────┼──────────────────────────────────┼────────────────────┤
  │ API    │ ⏳     │ RESTful API with async/await     │                    │
  │ Gatewa │ pl     │ and synchronous asynchronous     │  ample.comSp       │
  │ y      │ anned  │ handlers                         │                    │
  │        │        │                                  │  ec (              │
  │        │        │                                  │                    │
  │        │        │                                  │  https://api.exampl │
  │        │        │                                  │  e.com)            │
  ├────────┼────────┼──────────────────────────────────┼────────────────────┤
  │ Tes    │ ✅     │ Includes unit tests,             │                    │
  │ ting   │ co     │ integration tests, and snapshot  │  ge.ioCovera       │
  │        │        │ testing                          │                    │
  │        │ mplete │                                  │  ge (              │
  │        │ d      │                                  │                    │
  │        │        │                                  │  https://coverage.i │
  │        │        │                                  │  o)                │
  ├────────┼────────┼──────────────────────────────────┼────────────────────┤
  │ Dep    │ 🚧     │ Docker containerization with     │                    │
  │        │ in     │ K8s orchestration and CI/CD      │  .comDeploy        │
  │ loymen │        │ pipeline                         │                    │
  │ t      │ -progr │                                  │  0m (htt           │
  │        │ ess    │                                  │  ps://deploy.com)  │
  └────────┴────────┴──────────────────────────────────┴────────────────────┘
